com/thina/smartfarm/service/MailService.class
com/thina/smartfarm/web/rest/AuditResource.class
com/thina/smartfarm/config/Constants.class
com/thina/smartfarm/config/AsyncConfiguration.class
com/thina/smartfarm/config/CacheConfiguration.class
com/thina/smartfarm/security/AuthoritiesConstants.class
com/thina/smartfarm/config/CloudDatabaseConfiguration.class
com/thina/smartfarm/domain/AbstractAuditingEntity.class
com/thina/smartfarm/security/SpringSecurityAuditorAware.class
com/thina/smartfarm/service/UsernameAlreadyUsedException.class
com/thina/smartfarm/service/UserService.class
com/thina/smartfarm/domain/User_.class
com/thina/smartfarm/config/LoggingAspectConfiguration.class
com/thina/smartfarm/service/dto/PasswordChangeDTO.class
com/thina/smartfarm/web/rest/UserJWTController$JWTToken.class
com/thina/smartfarm/aop/logging/LoggingAspect.class
com/thina/smartfarm/config/DefaultProfileUtil.class
com/thina/smartfarm/config/ApplicationProperties.class
com/thina/smartfarm/ApplicationWebXml.class
com/thina/smartfarm/web/rest/AccountResource.class
com/thina/smartfarm/config/JacksonConfiguration.class
com/thina/smartfarm/config/LiquibaseConfiguration.class
com/thina/smartfarm/config/DatabaseConfiguration.class
com/thina/smartfarm/repository/UserRepository.class
com/thina/smartfarm/security/jwt/TokenProvider.class
com/thina/smartfarm/domain/Authority.class
com/thina/smartfarm/web/rest/vm/KeyAndPasswordVM.class
com/thina/smartfarm/security/jwt/JWTConfigurer.class
com/thina/smartfarm/web/rest/AccountResource$1.class
com/thina/smartfarm/web/rest/UserJWTController.class
com/thina/smartfarm/web/rest/AccountResource$AccountResourceException.class
com/thina/smartfarm/web/rest/UserResource.class
com/thina/smartfarm/service/InvalidPasswordException.class
com/thina/smartfarm/web/rest/errors/LoginAlreadyUsedException.class
com/thina/smartfarm/config/DateTimeFormatConfiguration.class
com/thina/smartfarm/web/rest/errors/ErrorConstants.class
com/thina/smartfarm/repository/AuthorityRepository.class
com/thina/smartfarm/security/DomainUserDetailsService.class
com/thina/smartfarm/web/rest/errors/InvalidPasswordException.class
com/thina/smartfarm/web/rest/errors/BadRequestAlertException.class
com/thina/smartfarm/domain/AbstractAuditingEntity_.class
com/thina/smartfarm/domain/PersistentAuditEvent_.class
com/thina/smartfarm/repository/CustomAuditEventRepository.class
com/thina/smartfarm/security/jwt/JWTFilter.class
com/thina/smartfarm/domain/Authority_.class
com/thina/smartfarm/security/UserNotActivatedException.class
com/thina/smartfarm/web/rest/errors/ExceptionTranslator.class
com/thina/smartfarm/config/LoggingConfiguration.class
com/thina/smartfarm/config/WebConfigurer.class
com/thina/smartfarm/web/rest/errors/FieldErrorVM.class
META-INF/spring-configuration-metadata.json
com/thina/smartfarm/SmartfarmApp.class
com/thina/smartfarm/repository/PersistenceAuditEventRepository.class
com/thina/smartfarm/service/dto/UserDTO.class
com/thina/smartfarm/service/util/RandomUtil.class
com/thina/smartfarm/web/rest/vm/LoginVM.class
com/thina/smartfarm/service/EmailAlreadyUsedException.class
com/thina/smartfarm/security/SecurityUtils.class
com/thina/smartfarm/service/mapper/UserMapper.class
com/thina/smartfarm/service/AuditEventService.class
com/thina/smartfarm/config/LocaleConfiguration.class
com/thina/smartfarm/domain/User.class
com/thina/smartfarm/web/rest/errors/EmailAlreadyUsedException.class
com/thina/smartfarm/web/rest/vm/ManagedUserVM.class
com/thina/smartfarm/web/rest/errors/EmailNotFoundException.class
com/thina/smartfarm/domain/PersistentAuditEvent.class
com/thina/smartfarm/config/audit/AuditEventConverter.class
com/thina/smartfarm/config/SecurityConfiguration.class
