/Users/tkharidass/smartFarmSolution/jhipster/backend/src/main/java/com/thina/smartfarm/config/WebConfigurer.java
/Users/tkharidass/smartFarmSolution/jhipster/backend/src/main/java/com/thina/smartfarm/aop/logging/LoggingAspect.java
/Users/tkharidass/smartFarmSolution/jhipster/backend/src/main/java/com/thina/smartfarm/repository/package-info.java
/Users/tkharidass/smartFarmSolution/jhipster/backend/src/main/java/com/thina/smartfarm/config/DateTimeFormatConfiguration.java
/Users/tkharidass/smartFarmSolution/jhipster/backend/src/main/java/com/thina/smartfarm/web/rest/AuditResource.java
/Users/tkharidass/smartFarmSolution/jhipster/backend/src/main/java/com/thina/smartfarm/domain/PersistentAuditEvent.java
/Users/tkharidass/smartFarmSolution/jhipster/backend/src/main/java/com/thina/smartfarm/domain/AbstractAuditingEntity.java
/Users/tkharidass/smartFarmSolution/jhipster/backend/src/main/java/com/thina/smartfarm/service/EmailAlreadyUsedException.java
/Users/tkharidass/smartFarmSolution/jhipster/backend/src/main/java/com/thina/smartfarm/web/rest/vm/ManagedUserVM.java
/Users/tkharidass/smartFarmSolution/jhipster/backend/src/main/java/com/thina/smartfarm/web/rest/vm/LoginVM.java
/Users/tkharidass/smartFarmSolution/jhipster/backend/src/main/java/com/thina/smartfarm/web/rest/errors/ErrorConstants.java
/Users/tkharidass/smartFarmSolution/jhipster/backend/src/main/java/com/thina/smartfarm/service/InvalidPasswordException.java
/Users/tkharidass/smartFarmSolution/jhipster/backend/src/main/java/com/thina/smartfarm/web/rest/errors/InvalidPasswordException.java
/Users/tkharidass/smartFarmSolution/jhipster/backend/src/main/java/com/thina/smartfarm/repository/AuthorityRepository.java
/Users/tkharidass/smartFarmSolution/jhipster/backend/src/main/java/com/thina/smartfarm/repository/CustomAuditEventRepository.java
/Users/tkharidass/smartFarmSolution/jhipster/backend/src/main/java/com/thina/smartfarm/web/rest/errors/FieldErrorVM.java
/Users/tkharidass/smartFarmSolution/jhipster/backend/src/main/java/com/thina/smartfarm/web/rest/vm/package-info.java
/Users/tkharidass/smartFarmSolution/jhipster/backend/src/main/java/com/thina/smartfarm/security/jwt/JWTFilter.java
/Users/tkharidass/smartFarmSolution/jhipster/backend/src/main/java/com/thina/smartfarm/web/rest/errors/BadRequestAlertException.java
/Users/tkharidass/smartFarmSolution/jhipster/backend/src/main/java/com/thina/smartfarm/config/AsyncConfiguration.java
/Users/tkharidass/smartFarmSolution/jhipster/backend/src/main/java/com/thina/smartfarm/repository/PersistenceAuditEventRepository.java
/Users/tkharidass/smartFarmSolution/jhipster/backend/src/main/java/com/thina/smartfarm/service/MailService.java
/Users/tkharidass/smartFarmSolution/jhipster/backend/src/main/java/com/thina/smartfarm/web/rest/errors/EmailAlreadyUsedException.java
/Users/tkharidass/smartFarmSolution/jhipster/backend/src/main/java/com/thina/smartfarm/web/rest/UserResource.java
/Users/tkharidass/smartFarmSolution/jhipster/backend/src/main/java/com/thina/smartfarm/security/package-info.java
/Users/tkharidass/smartFarmSolution/jhipster/backend/src/main/java/com/thina/smartfarm/config/DefaultProfileUtil.java
/Users/tkharidass/smartFarmSolution/jhipster/backend/src/main/java/com/thina/smartfarm/domain/Authority.java
/Users/tkharidass/smartFarmSolution/jhipster/backend/src/main/java/com/thina/smartfarm/service/AuditEventService.java
/Users/tkharidass/smartFarmSolution/jhipster/backend/src/main/java/com/thina/smartfarm/service/dto/PasswordChangeDTO.java
/Users/tkharidass/smartFarmSolution/jhipster/backend/src/main/java/com/thina/smartfarm/config/audit/package-info.java
/Users/tkharidass/smartFarmSolution/jhipster/backend/src/main/java/com/thina/smartfarm/config/LocaleConfiguration.java
/Users/tkharidass/smartFarmSolution/jhipster/backend/src/main/java/com/thina/smartfarm/web/rest/errors/package-info.java
/Users/tkharidass/smartFarmSolution/jhipster/backend/src/main/java/com/thina/smartfarm/SmartfarmApp.java
/Users/tkharidass/smartFarmSolution/jhipster/backend/src/main/java/com/thina/smartfarm/web/rest/AccountResource.java
/Users/tkharidass/smartFarmSolution/jhipster/backend/src/main/java/com/thina/smartfarm/service/package-info.java
/Users/tkharidass/smartFarmSolution/jhipster/backend/src/main/java/com/thina/smartfarm/service/mapper/package-info.java
/Users/tkharidass/smartFarmSolution/jhipster/backend/src/main/java/com/thina/smartfarm/config/CacheConfiguration.java
/Users/tkharidass/smartFarmSolution/jhipster/backend/src/main/java/com/thina/smartfarm/ApplicationWebXml.java
/Users/tkharidass/smartFarmSolution/jhipster/backend/src/main/java/com/thina/smartfarm/service/UsernameAlreadyUsedException.java
/Users/tkharidass/smartFarmSolution/jhipster/backend/src/main/java/com/thina/smartfarm/security/DomainUserDetailsService.java
/Users/tkharidass/smartFarmSolution/jhipster/backend/src/main/java/com/thina/smartfarm/config/Constants.java
/Users/tkharidass/smartFarmSolution/jhipster/backend/src/main/java/com/thina/smartfarm/security/jwt/JWTConfigurer.java
/Users/tkharidass/smartFarmSolution/jhipster/backend/src/main/java/com/thina/smartfarm/web/rest/errors/LoginAlreadyUsedException.java
/Users/tkharidass/smartFarmSolution/jhipster/backend/src/main/java/com/thina/smartfarm/config/package-info.java
/Users/tkharidass/smartFarmSolution/jhipster/backend/src/main/java/com/thina/smartfarm/security/SecurityUtils.java
/Users/tkharidass/smartFarmSolution/jhipster/backend/src/main/java/com/thina/smartfarm/web/rest/errors/EmailNotFoundException.java
/Users/tkharidass/smartFarmSolution/jhipster/backend/src/main/java/com/thina/smartfarm/security/UserNotActivatedException.java
/Users/tkharidass/smartFarmSolution/jhipster/backend/src/main/java/com/thina/smartfarm/config/LoggingConfiguration.java
/Users/tkharidass/smartFarmSolution/jhipster/backend/src/main/java/com/thina/smartfarm/config/SecurityConfiguration.java
/Users/tkharidass/smartFarmSolution/jhipster/backend/src/main/java/com/thina/smartfarm/domain/User.java
/Users/tkharidass/smartFarmSolution/jhipster/backend/src/main/java/com/thina/smartfarm/service/util/RandomUtil.java
/Users/tkharidass/smartFarmSolution/jhipster/backend/src/main/java/com/thina/smartfarm/service/dto/UserDTO.java
/Users/tkharidass/smartFarmSolution/jhipster/backend/src/main/java/com/thina/smartfarm/web/rest/errors/ExceptionTranslator.java
/Users/tkharidass/smartFarmSolution/jhipster/backend/src/main/java/com/thina/smartfarm/web/rest/package-info.java
/Users/tkharidass/smartFarmSolution/jhipster/backend/src/main/java/com/thina/smartfarm/config/DatabaseConfiguration.java
/Users/tkharidass/smartFarmSolution/jhipster/backend/src/main/java/com/thina/smartfarm/security/AuthoritiesConstants.java
/Users/tkharidass/smartFarmSolution/jhipster/backend/src/main/java/com/thina/smartfarm/security/SpringSecurityAuditorAware.java
/Users/tkharidass/smartFarmSolution/jhipster/backend/src/main/java/com/thina/smartfarm/config/audit/AuditEventConverter.java
/Users/tkharidass/smartFarmSolution/jhipster/backend/src/main/java/com/thina/smartfarm/repository/UserRepository.java
/Users/tkharidass/smartFarmSolution/jhipster/backend/src/main/java/com/thina/smartfarm/domain/package-info.java
/Users/tkharidass/smartFarmSolution/jhipster/backend/src/main/java/com/thina/smartfarm/security/jwt/TokenProvider.java
/Users/tkharidass/smartFarmSolution/jhipster/backend/src/main/java/com/thina/smartfarm/config/CloudDatabaseConfiguration.java
/Users/tkharidass/smartFarmSolution/jhipster/backend/src/main/java/com/thina/smartfarm/web/rest/UserJWTController.java
/Users/tkharidass/smartFarmSolution/jhipster/backend/src/main/java/com/thina/smartfarm/web/rest/vm/KeyAndPasswordVM.java
/Users/tkharidass/smartFarmSolution/jhipster/backend/src/main/java/com/thina/smartfarm/service/dto/package-info.java
/Users/tkharidass/smartFarmSolution/jhipster/backend/src/main/java/com/thina/smartfarm/config/JacksonConfiguration.java
/Users/tkharidass/smartFarmSolution/jhipster/backend/src/main/java/com/thina/smartfarm/config/LoggingAspectConfiguration.java
/Users/tkharidass/smartFarmSolution/jhipster/backend/src/main/java/com/thina/smartfarm/service/mapper/UserMapper.java
/Users/tkharidass/smartFarmSolution/jhipster/backend/src/main/java/com/thina/smartfarm/config/LiquibaseConfiguration.java
/Users/tkharidass/smartFarmSolution/jhipster/backend/src/main/java/com/thina/smartfarm/config/ApplicationProperties.java
/Users/tkharidass/smartFarmSolution/jhipster/backend/src/main/java/com/thina/smartfarm/service/UserService.java
