com/thina/smartfarm/config/WebConfigurerTest.class
com/thina/smartfarm/repository/timezone/DateTimeWrapperRepository.class
com/thina/smartfarm/service/UserServiceIT.class
com/thina/smartfarm/web/rest/AccountResourceIT.class
com/thina/smartfarm/web/rest/errors/ExceptionTranslatorTestController.class
com/thina/smartfarm/security/jwt/JWTFilterTest.class
com/thina/smartfarm/security/DomainUserDetailsServiceIT.class
com/thina/smartfarm/config/WebConfigurerTestController.class
com/thina/smartfarm/service/AuditEventServiceIT.class
com/thina/smartfarm/web/rest/UserJWTControllerIT.class
com/thina/smartfarm/repository/timezone/DateTimeWrapper_.class
com/thina/smartfarm/service/mapper/UserMapperIT.class
com/thina/smartfarm/cucumber/stepdefs/UserStepDefs.class
com/thina/smartfarm/cucumber/CucumberIT.class
com/thina/smartfarm/config/timezone/HibernateTimeZoneIT.class
com/thina/smartfarm/repository/CustomAuditEventRepositoryIT.class
com/thina/smartfarm/ArchTest.class
com/thina/smartfarm/cucumber/stepdefs/StepDefs.class
com/thina/smartfarm/web/rest/errors/ExceptionTranslatorTestController$TestResponseStatusException.class
com/thina/smartfarm/cucumber/CucumberContextConfiguration.class
com/thina/smartfarm/repository/timezone/DateTimeWrapper.class
com/thina/smartfarm/web/rest/AuditResourceIT.class
com/thina/smartfarm/web/rest/TestUtil.class
com/thina/smartfarm/web/rest/TestUtil$ZonedDateTimeMatcher.class
com/thina/smartfarm/security/SecurityUtilsUnitTest.class
com/thina/smartfarm/web/rest/errors/ExceptionTranslatorTestController$TestDTO.class
com/thina/smartfarm/web/rest/UserResourceIT.class
com/thina/smartfarm/security/jwt/TokenProviderTest.class
com/thina/smartfarm/service/MailServiceIT.class
com/thina/smartfarm/web/rest/errors/ExceptionTranslatorIT.class
