/Users/tkharidass/smartFarmSolution/jhipster/backend/src/test/java/com/thina/smartfarm/web/rest/errors/ExceptionTranslatorTestController.java
/Users/tkharidass/smartFarmSolution/jhipster/backend/src/test/java/com/thina/smartfarm/web/rest/UserJWTControllerIT.java
/Users/tkharidass/smartFarmSolution/jhipster/backend/src/test/java/com/thina/smartfarm/ArchTest.java
/Users/tkharidass/smartFarmSolution/jhipster/backend/src/test/java/com/thina/smartfarm/config/WebConfigurerTestController.java
/Users/tkharidass/smartFarmSolution/jhipster/backend/src/test/java/com/thina/smartfarm/service/mapper/UserMapperIT.java
/Users/tkharidass/smartFarmSolution/jhipster/backend/src/test/java/com/thina/smartfarm/web/rest/UserResourceIT.java
/Users/tkharidass/smartFarmSolution/jhipster/backend/src/test/java/com/thina/smartfarm/service/MailServiceIT.java
/Users/tkharidass/smartFarmSolution/jhipster/backend/src/test/java/com/thina/smartfarm/service/UserServiceIT.java
/Users/tkharidass/smartFarmSolution/jhipster/backend/src/test/java/com/thina/smartfarm/cucumber/CucumberIT.java
/Users/tkharidass/smartFarmSolution/jhipster/backend/src/test/java/com/thina/smartfarm/web/rest/AuditResourceIT.java
/Users/tkharidass/smartFarmSolution/jhipster/backend/src/test/java/com/thina/smartfarm/repository/CustomAuditEventRepositoryIT.java
/Users/tkharidass/smartFarmSolution/jhipster/backend/src/test/java/com/thina/smartfarm/config/timezone/HibernateTimeZoneIT.java
/Users/tkharidass/smartFarmSolution/jhipster/backend/src/test/java/com/thina/smartfarm/service/AuditEventServiceIT.java
/Users/tkharidass/smartFarmSolution/jhipster/backend/src/test/java/com/thina/smartfarm/security/SecurityUtilsUnitTest.java
/Users/tkharidass/smartFarmSolution/jhipster/backend/src/test/java/com/thina/smartfarm/config/WebConfigurerTest.java
/Users/tkharidass/smartFarmSolution/jhipster/backend/src/test/java/com/thina/smartfarm/repository/timezone/DateTimeWrapper.java
/Users/tkharidass/smartFarmSolution/jhipster/backend/src/test/java/com/thina/smartfarm/cucumber/stepdefs/UserStepDefs.java
/Users/tkharidass/smartFarmSolution/jhipster/backend/src/test/java/com/thina/smartfarm/repository/timezone/DateTimeWrapperRepository.java
/Users/tkharidass/smartFarmSolution/jhipster/backend/src/test/java/com/thina/smartfarm/web/rest/TestUtil.java
/Users/tkharidass/smartFarmSolution/jhipster/backend/src/test/java/com/thina/smartfarm/cucumber/stepdefs/StepDefs.java
/Users/tkharidass/smartFarmSolution/jhipster/backend/src/test/java/com/thina/smartfarm/security/DomainUserDetailsServiceIT.java
/Users/tkharidass/smartFarmSolution/jhipster/backend/src/test/java/com/thina/smartfarm/security/jwt/JWTFilterTest.java
/Users/tkharidass/smartFarmSolution/jhipster/backend/src/test/java/com/thina/smartfarm/security/jwt/TokenProviderTest.java
/Users/tkharidass/smartFarmSolution/jhipster/backend/src/test/java/com/thina/smartfarm/web/rest/errors/ExceptionTranslatorIT.java
/Users/tkharidass/smartFarmSolution/jhipster/backend/src/test/java/com/thina/smartfarm/cucumber/CucumberContextConfiguration.java
/Users/tkharidass/smartFarmSolution/jhipster/backend/src/test/java/com/thina/smartfarm/web/rest/AccountResourceIT.java
